So sanh nao SOI: 50 seed x 3000 step (dt=0.1, ~300s mo phong/seed)
The gioi co lap: 3 soi + >=10 tho (RBS) + 50 co.

  [RBS] xong 50 seed.
  [QL] xong 50 seed.
  [MC] xong 50 seed.

=== KET QUA (trung binh +/- do lech chuan tren cac seed) ===
Metric                     |             RBS |              QL |              MC
---------------------------+-----------------+-----------------+----------------
Bat/1000 step (cao=tot)    | 4.80 +/- 1.68 | 7.24 +/- 2.49 | 7.52 +/- 3.27
Tuoi tho TB soi (step)     | 2778 +/- 341 | 2492 +/- 384 | 2207 +/- 442
Soi chet doi               | 0.26 +/- 0.49 | 0.42 +/- 0.57 | 0.30 +/- 0.51
Soi chet khat              | 0.34 +/- 0.59 | 0.76 +/- 0.69 | 1.38 +/- 0.83
Step toi lan bat dau       | 54 +/- 63 | 128 +/- 133 | 86 +/- 108
CPU ms/step (thap=tot)     | 4.2700 +/- 1.4034 | 2.8717 +/- 1.2260 | 2.4299 +/- 0.8100
A* goi/step                | 3.93 +/- 1.45 | 2.62 +/- 1.22 | 2.08 +/- 0.78
A* node/step               | 1215.4 +/- 418.6 | 794.8 +/- 351.6 | 660.6 +/- 245.1

Ghi chu: 'Step toi lan bat dau' = maxStep nghia la khong bat duoc (bi kiem duyet).
         rl_v03: RL hoc CHON strategy (Flee/SeekWater/Hunter/Mate/Wander), A* lo dieu huong
         -> ca 3 nao dung chung A*; 'A* goi/step','A* node/step' so tai tim duong cong bang.
Da ghi per-seed CSV: /Volumes/DEV/OOP JAVA/PRJ/OOP-PRJ/braincompare_perseed.csv
