So sanh nao SOI: 50 seed x 3000 step (dt=0.1, ~300s mo phong/seed)
The gioi co lap: 3 soi + >=10 tho (RBS) + 50 co.

  [RBS] xong 50 seed.
  [QL] xong 50 seed.
  [MC] xong 50 seed.

=== KET QUA (trung binh +/- do lech chuan tren cac seed) ===
Metric                     |             RBS |              QL |              MC
---------------------------+-----------------+-----------------+----------------
Bat/1000 step (cao=tot)    | 4.57 +/- 1.62 | 7.41 +/- 2.37 | 3.96 +/- 2.16
Tuoi tho TB soi (step)     | 2793 +/- 332 | 2621 +/- 364 | 1813 +/- 448
Soi chet doi               | 0.26 +/- 0.49 | 0.30 +/- 0.46 | 0.52 +/- 0.58
Soi chet khat              | 0.22 +/- 0.46 | 0.58 +/- 0.57 | 1.92 +/- 0.72
Step toi lan bat dau       | 82 +/- 106 | 126 +/- 152 | 111 +/- 138
CPU ms/step (thap=tot)     | 4.4261 +/- 1.6324 | 2.7236 +/- 0.8358 | 3.6972 +/- 1.8740
A* goi/step                | 4.02 +/- 1.59 | 2.39 +/- 0.89 | 3.38 +/- 1.69
A* node/step               | 1284.6 +/- 499.5 | 761.1 +/- 245.5 | 1034.0 +/- 552.5

Ghi chu: 'Step toi lan bat dau' = maxStep nghia la khong bat duoc (bi kiem duyet).
         rl_v03: RL hoc CHON strategy (Flee/SeekWater/Hunter/Mate/Wander), A* lo dieu huong
         -> ca 3 nao dung chung A*; 'A* goi/step','A* node/step' so tai tim duong cong bang.
Da ghi per-seed CSV: /Volumes/DEV/OOP JAVA/PRJ/OOP-PRJ/braincompare_perseed.csv
